[
  {
    "instrument": "TEST",
    "side": "BUY",
    "size": 1,
    "ts": "2024-01-01T00:05:00+00:00"
  },
  {
    "instrument": "TEST",
    "side": "SELL",
    "size": 1,
    "ts": "2024-01-01T00:10:00+00:00"
  }
]
